<?php

namespace App\Filament\Clusters\Site\Pages;

use App\Filament\Clusters\Site;
use BackedEnum;
use Filament\Forms;
use Filament\Pages\SettingsPage;
use Filament\Schemas\Schema;
use Filament\Support\Icons\Heroicon;
use Filament\Tests\Panels\Commands\Legacy\Settings;

class ManageSettings extends SettingsPage
{
    protected static string|BackedEnum|null $navigationIcon = Heroicon::OutlinedCog6Tooth;

    protected static string $settings = Settings::class;

    protected static ?string $cluster = Site::class;

    public function form(Schema $schema): Schema
    {
        return $schema
            ->components([
                //
            ]);
    }
}
