<?php

namespace App\Filament\Widgets;

use App\Models\User;
use Filament\Actions\BulkActionGroup;
use Filament\Tables\Table;
use Filament\Widgets\TableWidget as BaseTableWidget;
use Illuminate\Database\Eloquent\Builder;

class TableWidget extends BaseTableWidget
{
    public function table(Table $table): Table
    {
        return $table
            ->query(fn (): Builder => User::query())
            ->columns([
                //
            ])
            ->filters([
                //
            ])
            ->headerActions([
                //
            ])
            ->recordActions([
                //
            ])
            ->toolbarActions([
                BulkActionGroup::make([
                    //
                ]),
            ]);
    }
}
