<?php

namespace App\Livewire;

use Filament\Actions\Concerns\InteractsWithActions;
use Filament\Actions\Contracts\HasActions;
use Filament\Schemas\Concerns\InteractsWithSchemas;
use Filament\Schemas\Contracts\HasSchemas;
use Filament\Schemas\Schema;
use Filament\Tests\Fixtures\Models\Post;
use Illuminate\Contracts\View\View;
use Livewire\Component;

class EditPost extends Component implements HasActions, HasSchemas
{
    use InteractsWithActions;
    use InteractsWithSchemas;

    public Post $record;

    public ?array $data = [];

    public function mount(): void
    {
        $this->form->fill($this->record->attributesToArray());
    }

    public function form(Schema $schema): Schema
    {
        return $schema
            ->components([
                //
            ])
            ->statePath('data')
            ->model($this->record);
    }

    public function save(): void
    {
        $data = $this->form->getState();

        $this->record->update($data);
    }

    public function render(): View
    {
        return view('livewire.edit-post');
    }
}
