<?php

namespace App\Livewire\Blog;

use Filament\Actions\BulkActionGroup;
use Filament\Actions\Concerns\InteractsWithActions;
use Filament\Actions\Contracts\HasActions;
use Filament\Schemas\Concerns\InteractsWithSchemas;
use Filament\Schemas\Contracts\HasSchemas;
use Filament\Tables\Concerns\InteractsWithTable;
use Filament\Tables\Contracts\HasTable;
use Filament\Tables\Table;
use Filament\Tests\Fixtures\Models\Post;
use Illuminate\Contracts\View\View;
use Illuminate\Database\Eloquent\Builder;
use Livewire\Component;

class ListPosts extends Component implements HasActions, HasSchemas, HasTable
{
    use InteractsWithActions;
    use InteractsWithTable;
    use InteractsWithSchemas;

    public function table(Table $table): Table
    {
        return $table
            ->query(fn (): Builder => Post::query())
            ->columns([
                //
            ])
            ->filters([
                //
            ])
            ->headerActions([
                //
            ])
            ->recordActions([
                //
            ])
            ->toolbarActions([
                BulkActionGroup::make([
                    //
                ]),
            ]);
    }

    public function render(): View
    {
        return view('livewire.blog.list-posts');
    }
}
