<?php

namespace App\Filament\Resources\Users\Pages;

use App\Filament\Resources\Teams\TeamResource;
use App\Filament\Resources\Users\UserResource;
use Filament\Actions\CreateAction;
use Filament\Resources\Pages\ManageRelatedRecords;
use Filament\Tables\Table;

class ManageUserTeams extends ManageRelatedRecords
{
    protected static string $resource = UserResource::class;

    protected static string $relationship = 'teams';

    protected static ?string $relatedResource = TeamResource::class;

    public function table(Table $table): Table
    {
        return $table
            ->headerActions([
                CreateAction::make(),
            ]);
    }
}
