<?php

namespace App\Filament\Resources\Users\Pages;

use App\Filament\Resources\Teams\Schemas\TeamForm;
use App\Filament\Resources\Users\UserResource;
use BackedEnum;
use Filament\Actions\AttachAction;
use Filament\Actions\BulkActionGroup;
use Filament\Actions\CreateAction;
use Filament\Actions\DeleteAction;
use Filament\Actions\DeleteBulkAction;
use Filament\Actions\DetachAction;
use Filament\Actions\DetachBulkAction;
use Filament\Actions\EditAction;
use Filament\Resources\Pages\ManageRelatedRecords;
use Filament\Schemas\Schema;
use Filament\Support\Icons\Heroicon;
use Filament\Tables\Columns\TextColumn;
use Filament\Tables\Table;

class ManageUserTeams extends ManageRelatedRecords
{
    protected static string $resource = UserResource::class;

    protected static string $relationship = 'teams';

    protected static string|BackedEnum|null $navigationIcon = Heroicon::OutlinedRectangleStack;

    public function form(Schema $schema): Schema
    {
        return TeamForm::configure($schema);
    }

    public function table(Table $table): Table
    {
        return $table
            ->recordTitleAttribute('name')
            ->columns([
                TextColumn::make('name')
                    ->searchable(),
            ])
            ->filters([
                //
            ])
            ->headerActions([
                CreateAction::make(),
                AttachAction::make(),
            ])
            ->actions([
                EditAction::make(),
                DetachAction::make(),
                DeleteAction::make(),
            ])
            ->bulkActions([
                BulkActionGroup::make([
                    DetachBulkAction::make(),
                    DeleteBulkAction::make(),
                ]),
            ]);
    }
}
