{
    "id": "test-id",
    "actions": [
        {
            "name": "view",
            "color": null,
            "event": null,
            "eventData": [],
            "dispatchDirection": false,
            "dispatchToComponent": null,
            "extraAttributes": [],
            "icon": "heroicon-m-eye",
            "iconPosition": "before",
            "iconSize": null,
            "isOutlined": false,
            "isDisabled": false,
            "label": "View",
            "shouldClose": false,
            "shouldMarkAsRead": false,
            "shouldMarkAsUnread": false,
            "shouldOpenUrlInNewTab": false,
            "shouldPostToUrl": false,
            "size": "sm",
            "tooltip": null,
            "url": "\/view",
            "view": "filament::components.link"
        },
        {
            "name": "edit",
            "color": null,
            "event": null,
            "eventData": [],
            "dispatchDirection": false,
            "dispatchToComponent": null,
            "extraAttributes": [],
            "icon": "heroicon-m-pencil",
            "iconPosition": "before",
            "iconSize": null,
            "isOutlined": false,
            "isDisabled": false,
            "label": "Edit",
            "shouldClose": false,
            "shouldMarkAsRead": false,
            "shouldMarkAsUnread": false,
            "shouldOpenUrlInNewTab": false,
            "shouldPostToUrl": false,
            "size": "sm",
            "tooltip": null,
            "url": "\/edit",
            "view": "filament::components.link"
        },
        {
            "name": "delete",
            "color": "danger",
            "event": null,
            "eventData": [],
            "dispatchDirection": false,
            "dispatchToComponent": null,
            "extraAttributes": [],
            "icon": "heroicon-m-trash",
            "iconPosition": "before",
            "iconSize": null,
            "isOutlined": false,
            "isDisabled": false,
            "label": "Delete",
            "shouldClose": false,
            "shouldMarkAsRead": false,
            "shouldMarkAsUnread": false,
            "shouldOpenUrlInNewTab": false,
            "shouldPostToUrl": false,
            "size": "sm",
            "tooltip": null,
            "url": null,
            "view": "filament::components.link"
        }
    ],
    "body": "Test Body",
    "color": null,
    "duration": 6000,
    "icon": null,
    "iconColor": null,
    "status": null,
    "title": "Test Title",
    "view": null,
    "viewData": []
}