<?php

namespace App\Filament\Pages;

use BackedEnum;
use Filament\Pages\SettingsPage;
use Filament\Schemas\Schema;
use Filament\Support\Icons\Heroicon;
use Filament\Tests\Panels\Commands\Settings;

class ManageSettings extends SettingsPage
{
    protected static string|BackedEnum|null $navigationIcon = Heroicon::OutlinedCog6Tooth;

    protected static string $settings = Settings::class;

    public function form(Schema $schema): Schema
    {
        return $schema
            ->components([
                //
            ]);
    }
}
