<?php

namespace App\Filament\Pages;

use BackedEnum;
use Filament\Forms\Components\DateTimePicker;
use Filament\Forms\Components\FileUpload;
use Filament\Forms\Components\Select;
use Filament\Forms\Components\TextInput;
use Filament\Forms\Components\Toggle;
use Filament\Pages\SettingsPage;
use Filament\Schemas\Schema;
use Filament\Support\Icons\Heroicon;
use Filament\Tests\Panels\Commands\Settings;
use Filament\Tests\Panels\Commands\SettingsPropertyEnum;

class ManageSettings extends SettingsPage
{
    protected static string|BackedEnum|null $navigationIcon = Heroicon::OutlinedCog6Tooth;

    protected static string $settings = Settings::class;

    public function form(Schema $schema): Schema
    {
        return $schema
            ->components([
                TextInput::make('string')
                    ->required(),
                TextInput::make('nullableString'),
                Toggle::make('bool')
                    ->required(),
                TextInput::make('int')
                    ->numeric()
                    ->integer()
                    ->required(),
                TextInput::make('nullableInt')
                    ->numeric()
                    ->integer(),
                TextInput::make('float')
                    ->numeric()
                    ->required(),
                TextInput::make('nullableFloat')
                    ->numeric(),
                DateTimePicker::make('dateTimeInterface')
                    ->required(),
                DateTimePicker::make('dateTime')
                    ->required(),
                DateTimePicker::make('dateTimeImmutable')
                    ->required(),
                DateTimePicker::make('carbonInterface')
                    ->required(),
                DateTimePicker::make('carbon')
                    ->required(),
                DateTimePicker::make('carbonImmutable')
                    ->required(),
                DateTimePicker::make('nullableDateTimeInterface'),
                DateTimePicker::make('nullableDateTime'),
                DateTimePicker::make('nullableDateTimeImmutable'),
                DateTimePicker::make('nullableCarbonInterface'),
                DateTimePicker::make('nullableCarbon'),
                DateTimePicker::make('nullableCarbonImmutable'),
                Select::make('enum')
                    ->options(SettingsPropertyEnum::class)
                    ->required(),
                Select::make('nullableEnum')
                    ->options(SettingsPropertyEnum::class),
                FileUpload::make('image')
                    ->image()
                    ->required(),
                FileUpload::make('nullableImage')
                    ->image(),
                TextInput::make('id')
                    ->label('ID')
                    ->required(),
                TextInput::make('cost')
                    ->numeric()
                    ->prefix('$')
                    ->required(),
            ]);
    }
}
