<?php

namespace App\Filament\Resources\Posts\Schemas;

use Filament\Infolists\Components\IconEntry;
use Filament\Infolists\Components\TextEntry;
use Filament\Schemas\Schema;

class PostInfolist
{
    public static function configure(Schema $schema): Schema
    {
        return $schema
            ->components([
                TextEntry::make('author.name'),
                IconEntry::make('is_published')
                    ->boolean(),
                TextEntry::make('rating')
                    ->numeric(),
                TextEntry::make('title'),
                TextEntry::make('string_backed_enum'),
                TextEntry::make('created_at')
                    ->dateTime(),
                TextEntry::make('updated_at')
                    ->dateTime(),
                TextEntry::make('deleted_at')
                    ->dateTime(),
            ]);
    }
}
