<?php

namespace App\Filament\Resources\Posts\Schemas;

use Filament\Infolists\Components\IconEntry;
use Filament\Infolists\Components\TextEntry;
use Filament\Schemas\Schema;
use Filament\Tests\Fixtures\Models\Post;

class PostInfolist
{
    public static function configure(Schema $schema): Schema
    {
        return $schema
            ->components([
                TextEntry::make('author.name')
                    ->label('Author'),
                TextEntry::make('content')
                    ->placeholder('-')
                    ->columnSpanFull(),
                IconEntry::make('is_published')
                    ->boolean(),
                TextEntry::make('rating')
                    ->numeric(),
                TextEntry::make('tags')
                    ->placeholder('-')
                    ->columnSpanFull(),
                TextEntry::make('title'),
                TextEntry::make('config')
                    ->placeholder('-')
                    ->columnSpanFull(),
                TextEntry::make('json')
                    ->placeholder('-')
                    ->columnSpanFull(),
                TextEntry::make('json_array_of_objects')
                    ->placeholder('-')
                    ->columnSpanFull(),
                TextEntry::make('string_backed_enum')
                    ->badge()
                    ->placeholder('-'),
                TextEntry::make('created_at')
                    ->dateTime()
                    ->placeholder('-'),
                TextEntry::make('updated_at')
                    ->dateTime()
                    ->placeholder('-'),
                TextEntry::make('deleted_at')
                    ->dateTime()
                    ->visible(fn (Post $record): bool => $record->trashed()),
            ]);
    }
}
