<?php

namespace App\Filament\Resources\Posts\Tables;

use Filament\Actions\BulkActionGroup;
use Filament\Actions\DeleteBulkAction;
use Filament\Actions\EditAction;
use Filament\Tables\Columns\IconColumn;
use Filament\Tables\Columns\TextColumn;
use Filament\Tables\Table;

class PostsTable
{
    public static function configure(Table $table): Table
    {
        return $table
            ->columns([
                TextColumn::make('author.name')
                    ->numeric()
                    ->sortable(),
                IconColumn::make('is_published')
                    ->boolean(),
                TextColumn::make('rating')
                    ->numeric()
                    ->sortable(),
                TextColumn::make('title')
                    ->searchable(),
                TextColumn::make('string_backed_enum')
                    ->searchable(),
                TextColumn::make('created_at')
                    ->dateTime()
                    ->sortable()
                    ->toggleable(isToggledHiddenByDefault: true),
                TextColumn::make('updated_at')
                    ->dateTime()
                    ->sortable()
                    ->toggleable(isToggledHiddenByDefault: true),
                TextColumn::make('deleted_at')
                    ->dateTime()
                    ->sortable()
                    ->toggleable(isToggledHiddenByDefault: true),
            ])
            ->filters([
                //
            ])
            ->actions([
                EditAction::make(),
            ])
            ->bulkActions([
                BulkActionGroup::make([
                    DeleteBulkAction::make(),
                ]),
            ]);
    }
}
