<?php

namespace App\Filament\Schemas\Components;

use Filament\Schemas\Components\Component;

class CustomComponent extends Component
{
    protected string $view = 'filament.schemas.components.custom-component';

    public static function make(): static
    {
        return app(static::class);
    }
}
