<?php

namespace App\Filament\Resources\UserResource\Pages;

use App\Filament\Resources\UserResource;
use BackedEnum;
use Filament\Actions;
use Filament\Forms;
use Filament\Resources\Pages\ManageRelatedRecords;
use Filament\Schemas\Schema;
use Filament\Support\Icons\Heroicon;
use Filament\Tables;
use Filament\Tables\Table;

class ManageUserTeams extends ManageRelatedRecords
{
    protected static string $resource = UserResource::class;

    protected static string $relationship = 'teams';

    protected static string|BackedEnum|null $navigationIcon = Heroicon::OutlinedRectangleStack;

    public function form(Schema $schema): Schema
    {
        return $schema
            ->components([
                Forms\Components\TextInput::make('name')
                    ->required()
                    ->maxLength(255),
            ]);
    }

    public function table(Table $table): Table
    {
        return $table
            ->recordTitleAttribute('name')
            ->columns([
                Tables\Columns\TextColumn::make('name')
                    ->searchable(),
            ])
            ->filters([
                //
            ])
            ->headerActions([
                Actions\CreateAction::make(),
                Actions\AssociateAction::make(),
            ])
            ->actions([
                Actions\EditAction::make(),
                Actions\DissociateAction::make(),
                Actions\DeleteAction::make(),
            ])
            ->bulkActions([
                Actions\BulkActionGroup::make([
                    Actions\DissociateBulkAction::make(),
                    Actions\DeleteBulkAction::make(),
                ]),
            ]);
    }
}
